error[E0277]: the trait bound `Result<Result<(), &contract::Error>, LangError>: Encode` is not satisfied
  --> tests/ui/contract/fail/constructor-return-result-non-codec-error.rs:13:9
   |
13 |         pub fn constructor() -> Result<Self, Error> {
   |         ^^^ the trait `Encode` is not implemented for `Result<Result<(), &contract::Error>, LangError>`
   |
   = help: the trait `Encode` is implemented for `Result<T, E>`
note: required by a bound in `return_value`
  --> $WORKSPACE/crates/env/src/api.rs
   |
   |     R: scale::Encode,
   |        ^^^^^^^^^^^^^ required by this bound in `return_value`

error[E0277]: the trait bound `contract::Error: WrapperTypeDecode` is not satisfied
  --> tests/ui/contract/fail/constructor-return-result-non-codec-error.rs:13:9
   |
13 |         pub fn constructor() -> Result<Self, Error> {
   |         ^^^ the trait `WrapperTypeDecode` is not implemented for `contract::Error`
   |
   = help: the following other types implement trait `WrapperTypeDecode`:
             Arc<T>
             Box<T>
             Rc<T>
   = note: required for `contract::Error` to implement `parity_scale_codec::Decode`
   = note: required for `Result<ContractRef, contract::Error>` to implement `ConstructorReturnType<ContractRef>`
note: required by a bound in `CreateBuilder::<E, ContractRef, CodeHash, GasLimit, Endowment, Args, Salt, Unset<ReturnType<()>>>::returns`
  --> $WORKSPACE/crates/env/src/call/create_builder.rs
   |
   |         R: ConstructorReturnType<ContractRef>,
   |            ^^^^^^^^^^^^^^^^^^^^^^^^^^^^^^^^^^ required by this bound in `CreateBuilder::<E, ContractRef, CodeHash, GasLimit, Endowment, Args, Salt, Unset<ReturnType<()>>>::returns`

error[E0277]: the trait bound `contract::Error: TypeInfo` is not satisfied
 --> tests/ui/contract/fail/constructor-return-result-non-codec-error.rs:4:16
  |
4 |     pub struct Contract {}
  |                ^^^^^^^^ the trait `TypeInfo` is not implemented for `contract::Error`
  |
  = help: the following other types implement trait `TypeInfo`:
            &T
            &mut T
            ()
            (A, B)
            (A, B, C)
            (A, B, C, D)
            (A, B, C, D, E)
            (A, B, C, D, E, F)
          and $N others
  = note: required for `Result<(), contract::Error>` to implement `TypeInfo`
  = note: 1 redundant requirement hidden
  = note: required for `Result<Result<(), contract::Error>, LangError>` to implement `TypeInfo`
note: required by a bound in `TypeSpec::with_name_str`
 --> $WORKSPACE/crates/metadata/src/specs.rs
  |
  |         T: TypeInfo + 'static,
  |            ^^^^^^^^ required by this bound in `TypeSpec::with_name_str`
