error: encountered ink! attribute arguments with equal kinds
 --> tests/ui/contract/fail/constructor-selector-and-wildcard-selector.rs:7:51
  |
7 |         #[ink(constructor, selector = 0xCAFEBABA, selector = _)]
  |                                                   ^^^^^^^^

error: first equal ink! attribute argument with equal kind here
 --> tests/ui/contract/fail/constructor-selector-and-wildcard-selector.rs:7:28
  |
7 |         #[ink(constructor, selector = 0xCAFEBABA, selector = _)]
  |                            ^^^^^^^^
