error: ink! constructors must have no `self` receiver
 --> tests/ui/contract/fail/constructor-self-receiver-01.rs:8:28
  |
8 |         pub fn constructor(&self) -> Self {
  |                            ^^^^^
