error: ink! messages must have `&self` or `&mut self` receiver
  --> tests/ui/contract/fail/message-self-receiver-missing.rs:12:9
   |
12 |         #[ink(message)]
   |         ^
