error: #[ink(selector = ..)] attributes with string inputs are deprecated. use an integer instead, e.g. #[ink(selector = 1)] or #[ink(selector = 0xC0DECAFE)].
  --> tests/ui/contract/fail/message-selector-invalid-type-01.rs:12:24
   |
12 |         #[ink(message, selector = "0xC0DECAFE")]
   |                        ^^^^^^^^
