error: encountered conflicting ink! attribute argument
 --> tests/ui/contract/fail/storage-conflicting-event.rs:4:11
  |
4 |     #[ink(event)]
  |           ^^^^^
