error[E0119]: conflicting implementations of trait `DispatchableMessageInfo<1518209067>` for type `Contract`
  --> tests/ui/contract/fail/trait-message-selector-overlap-2.rs:41:9
   |
36 |         fn message(&self) {}
   |         -- first implementation here
...
41 |         fn message(&self) {}
   |         ^^ conflicting implementation for `Contract`

error[E0119]: conflicting implementations of trait `TraitCallForwarderFor<1518209067>` for type `contract::_::CallBuilder`
  --> tests/ui/contract/fail/trait-message-selector-overlap-2.rs:39:5
   |
34 |     impl TraitDefinition1 for Contract {
   |     ---- first implementation here
...
39 |     impl TraitDefinition2 for Contract {
   |     ^^^^ conflicting implementation for `contract::_::CallBuilder`
