error: namespace ink! property is not allowed on ink! trait implementation blocks
  --> tests/ui/contract/fail/trait-impl-namespace-invalid.rs:21:5
   |
21 |     #[ink(namespace = "namespace")]
   |     ^
