error[E0277]: the trait bound `EventTopics<4>: RespectTopicLimit<2>` is not satisfied
  --> tests/ui/contract/fail/event-too-many-topics-anonymous.rs:26:5
   |
26 | /     pub struct Event {
27 | |         #[ink(topic)]
28 | |         arg_1: i8,
29 | |         #[ink(topic)]
...  |
34 | |         arg_4: i32,
35 | |     }
   | |_____^ the trait `RespectTopicLimit<2>` is not implemented for `EventTopics<4>`
   |
   = help: the following other types implement trait `RespectTopicLimit<N>`:
             <EventTopics<0> as RespectTopicLimit<0>>
             <EventTopics<0> as RespectTopicLimit<10>>
             <EventTopics<0> as RespectTopicLimit<11>>
             <EventTopics<0> as RespectTopicLimit<12>>
             <EventTopics<0> as RespectTopicLimit<1>>
             <EventTopics<0> as RespectTopicLimit<2>>
             <EventTopics<0> as RespectTopicLimit<3>>
             <EventTopics<0> as RespectTopicLimit<4>>
           and 83 others
note: required by a bound in `EventRespectsTopicLimit`
  --> src/codegen/event/topics.rs
   |
   |     <Event as EventLenTopics>::LenTopics: RespectTopicLimit<LEN_MAX_TOPICS>,
   |                                           ^^^^^^^^^^^^^^^^^^^^^^^^^^^^^^^^^ required by this bound in `EventRespectsTopicLimit`
