error: expected string or byte string literal as input. found Int(LitInt { token: 42 })
 --> tests/ui/selector_id/fail/invalid_parameter_type_02.rs:1:34
  |
1 | const _: u32 = ink::selector_id!(42);
  |                                  ^^
