error: ink! config options require an argument separated by '='
 --> tests/ui/storage_item/fail/argument_derive_missing_arg.rs:1:21
  |
1 | #[ink::storage_item(derive)]
  |                     ^^^^^^
