error: missing or malformed `&self` or `&mut self` receiver for ink! message
 --> tests/ui/trait_def/fail/message_receiver_missing.rs:4:5
  |
4 |     fn message();
  |     ^^^^^^^^^^^^
